2025-09-17 20:55:04 - INFO - --- NPU Monitoring Utility ---
2025-09-17 20:55:04 - INFO - Target Device: All
2025-09-17 20:55:04 - INFO - Interval:      5s
2025-09-17 20:55:04 - INFO - Log File:      npu_monitor.log
2025-09-17 20:55:04 - INFO - Starting monitor... Press Ctrl+C to stop.
2025-09-17 20:55:06 - INFO - --- Status Update @ 2025-09-17 20:55:06 ---
2025-09-17 20:55:06 - INFO - 
--- [REPORT: ALL] ---
2025-09-17 20:55:06 - DEBUG - Executing report: all
2025-09-17 20:55:06 - INFO - System Configuration
  OS Name              : Windows NT
  Release              : 26100
  Machine              : x86_64
  CPU Cores            : 24
  Memory               : 24184 MB
  Distribution         : Microsoft Windows 11 Pro
  Model                : EliteMini Series
  BIOS Vendor          : American Megatrends International, LLC.
  BIOS Version         : 1.08

XRT
  Version              : 2.19.0
  Branch               : HEAD
  Hash                 : 77c7088d804602a53c3eb489b9cb37b709bcd751
  Hash Date            : 2025-05-16 17:33:25
  NPU Driver Version   : 32.0.203.280
  NPU Firmware Version : 1.0.18.3

Device(s) Present
|BDF             |Name       |
|----------------|-----------|
|[0066:00:01.1]  |NPU Strix  |



---------------------------
[0066:00:01.1] : NPU Strix
---------------------------
AIE Partitions
  No hardware contexts running on device

Platform
  Name                   : NPU Strix 
  Power Mode             : Default 
  Total Columns          : 8 

Power                    : N/A
2025-09-17 20:55:06 - INFO - ---------------------
2025-09-17 20:55:06 - INFO - 
Next update in 5 seconds...
2025-09-17 20:55:11 - INFO - --- Status Update @ 2025-09-17 20:55:11 ---
2025-09-17 20:55:11 - INFO - 
--- [REPORT: ALL] ---
2025-09-17 20:55:11 - DEBUG - Executing report: all
2025-09-17 20:55:11 - INFO - System Configuration
  OS Name              : Windows NT
  Release              : 26100
  Machine              : x86_64
  CPU Cores            : 24
  Memory               : 24184 MB
  Distribution         : Microsoft Windows 11 Pro
  Model                : EliteMini Series
  BIOS Vendor          : American Megatrends International, LLC.
  BIOS Version         : 1.08

XRT
  Version              : 2.19.0
  Branch               : HEAD
  Hash                 : 77c7088d804602a53c3eb489b9cb37b709bcd751
  Hash Date            : 2025-05-16 17:33:25
  NPU Driver Version   : 32.0.203.280
  NPU Firmware Version : 1.0.18.3

Device(s) Present
|BDF             |Name       |
|----------------|-----------|
|[0066:00:01.1]  |NPU Strix  |



---------------------------
[0066:00:01.1] : NPU Strix
---------------------------
AIE Partitions
  No hardware contexts running on device

Platform
  Name                   : NPU Strix 
  Power Mode             : Default 
  Total Columns          : 8 

Power                    : N/A
2025-09-17 20:55:11 - INFO - ---------------------
2025-09-17 20:55:11 - INFO - 
Next update in 5 seconds...
2025-09-17 20:55:16 - INFO - --- Status Update @ 2025-09-17 20:55:16 ---
2025-09-17 20:55:16 - INFO - 
--- [REPORT: ALL] ---
2025-09-17 20:55:16 - DEBUG - Executing report: all
2025-09-17 20:55:17 - INFO - System Configuration
  OS Name              : Windows NT
  Release              : 26100
  Machine              : x86_64
  CPU Cores            : 24
  Memory               : 24184 MB
  Distribution         : Microsoft Windows 11 Pro
  Model                : EliteMini Series
  BIOS Vendor          : American Megatrends International, LLC.
  BIOS Version         : 1.08

XRT
  Version              : 2.19.0
  Branch               : HEAD
  Hash                 : 77c7088d804602a53c3eb489b9cb37b709bcd751
  Hash Date            : 2025-05-16 17:33:25
  NPU Driver Version   : 32.0.203.280
  NPU Firmware Version : 1.0.18.3

Device(s) Present
|BDF             |Name       |
|----------------|-----------|
|[0066:00:01.1]  |NPU Strix  |



---------------------------
[0066:00:01.1] : NPU Strix
---------------------------
AIE Partitions
  No hardware contexts running on device

Platform
  Name                   : NPU Strix 
  Power Mode             : Default 
  Total Columns          : 8 

Power                    : N/A
2025-09-17 20:55:17 - INFO - ---------------------
2025-09-17 20:55:17 - INFO - 
Next update in 5 seconds...
2025-09-17 20:55:22 - INFO - --- Status Update @ 2025-09-17 20:55:22 ---
2025-09-17 20:55:22 - INFO - 
--- [REPORT: ALL] ---
2025-09-17 20:55:22 - DEBUG - Executing report: all
2025-09-17 20:55:22 - INFO - System Configuration
  OS Name              : Windows NT
  Release              : 26100
  Machine              : x86_64
  CPU Cores            : 24
  Memory               : 24184 MB
  Distribution         : Microsoft Windows 11 Pro
  Model                : EliteMini Series
  BIOS Vendor          : American Megatrends International, LLC.
  BIOS Version         : 1.08

XRT
  Version              : 2.19.0
  Branch               : HEAD
  Hash                 : 77c7088d804602a53c3eb489b9cb37b709bcd751
  Hash Date            : 2025-05-16 17:33:25
  NPU Driver Version   : 32.0.203.280
  NPU Firmware Version : 1.0.18.3

Device(s) Present
|BDF             |Name       |
|----------------|-----------|
|[0066:00:01.1]  |NPU Strix  |



---------------------------
[0066:00:01.1] : NPU Strix
---------------------------
AIE Partitions
  No hardware contexts running on device

Platform
  Name                   : NPU Strix 
  Power Mode             : Default 
  Total Columns          : 8 

Power                    : N/A
2025-09-17 20:55:22 - INFO - ---------------------
2025-09-17 20:55:22 - INFO - 
Next update in 5 seconds...
2025-09-17 20:55:27 - INFO - --- Status Update @ 2025-09-17 20:55:27 ---
2025-09-17 20:55:27 - INFO - 
--- [REPORT: ALL] ---
2025-09-17 20:55:27 - DEBUG - Executing report: all
2025-09-17 20:55:27 - INFO - System Configuration
  OS Name              : Windows NT
  Release              : 26100
  Machine              : x86_64
  CPU Cores            : 24
  Memory               : 24184 MB
  Distribution         : Microsoft Windows 11 Pro
  Model                : EliteMini Series
  BIOS Vendor          : American Megatrends International, LLC.
  BIOS Version         : 1.08

XRT
  Version              : 2.19.0
  Branch               : HEAD
  Hash                 : 77c7088d804602a53c3eb489b9cb37b709bcd751
  Hash Date            : 2025-05-16 17:33:25
  NPU Driver Version   : 32.0.203.280
  NPU Firmware Version : 1.0.18.3

Device(s) Present
|BDF             |Name       |
|----------------|-----------|
|[0066:00:01.1]  |NPU Strix  |



---------------------------
[0066:00:01.1] : NPU Strix
---------------------------
AIE Partitions
  No hardware contexts running on device

Platform
  Name                   : NPU Strix 
  Power Mode             : Default 
  Total Columns          : 8 

Power                    : N/A
2025-09-17 20:55:27 - INFO - ---------------------
2025-09-17 20:55:27 - INFO - 
Next update in 5 seconds...
2025-09-17 20:55:32 - INFO - --- Status Update @ 2025-09-17 20:55:32 ---
2025-09-17 20:55:32 - INFO - 
--- [REPORT: ALL] ---
2025-09-17 20:55:32 - DEBUG - Executing report: all
2025-09-17 20:55:32 - INFO - System Configuration
  OS Name              : Windows NT
  Release              : 26100
  Machine              : x86_64
  CPU Cores            : 24
  Memory               : 24184 MB
  Distribution         : Microsoft Windows 11 Pro
  Model                : EliteMini Series
  BIOS Vendor          : American Megatrends International, LLC.
  BIOS Version         : 1.08

XRT
  Version              : 2.19.0
  Branch               : HEAD
  Hash                 : 77c7088d804602a53c3eb489b9cb37b709bcd751
  Hash Date            : 2025-05-16 17:33:25
  NPU Driver Version   : 32.0.203.280
  NPU Firmware Version : 1.0.18.3

Device(s) Present
|BDF             |Name       |
|----------------|-----------|
|[0066:00:01.1]  |NPU Strix  |



---------------------------
[0066:00:01.1] : NPU Strix
---------------------------
AIE Partitions
  Partition Index: 0
    Columns: [0, 1, 2, 3, 4, 5, 6, 7]
    HW Contexts:
      |PID    |Ctx ID  |Status  |Instr BO  |Sub  |Compl  |Migr  |Err  |Prio    |GOPS  |EGOPS  |FPS  |Latency  |
      |-------|--------|--------|----------|-----|-------|------|-----|--------|------|-------|-----|---------|
      |17204  |64      |Active  |4192 KB   |0    |0      |0     |0    |Normal  |9     |11     |N/A  |N/A      |

Platform
  Name                   : NPU Strix 
  Power Mode             : Default 
  Total Columns          : 8 

Power                    : N/A
2025-09-17 20:55:32 - INFO - ---------------------
2025-09-17 20:55:32 - INFO - 
Next update in 5 seconds...
2025-09-17 20:55:37 - INFO - --- Status Update @ 2025-09-17 20:55:37 ---
2025-09-17 20:55:37 - INFO - 
--- [REPORT: ALL] ---
2025-09-17 20:55:37 - DEBUG - Executing report: all
2025-09-17 20:55:37 - INFO - System Configuration
  OS Name              : Windows NT
  Release              : 26100
  Machine              : x86_64
  CPU Cores            : 24
  Memory               : 24184 MB
  Distribution         : Microsoft Windows 11 Pro
  Model                : EliteMini Series
  BIOS Vendor          : American Megatrends International, LLC.
  BIOS Version         : 1.08

XRT
  Version              : 2.19.0
  Branch               : HEAD
  Hash                 : 77c7088d804602a53c3eb489b9cb37b709bcd751
  Hash Date            : 2025-05-16 17:33:25
  NPU Driver Version   : 32.0.203.280
  NPU Firmware Version : 1.0.18.3

Device(s) Present
|BDF             |Name       |
|----------------|-----------|
|[0066:00:01.1]  |NPU Strix  |



---------------------------
[0066:00:01.1] : NPU Strix
---------------------------
AIE Partitions
  Partition Index: 0
    Columns: [0, 1, 2, 3, 4, 5, 6, 7]
    HW Contexts:
      |PID    |Ctx ID  |Status  |Instr BO  |Sub  |Compl  |Migr  |Err  |Prio    |GOPS  |EGOPS  |FPS  |Latency  |
      |-------|--------|--------|----------|-----|-------|------|-----|--------|------|-------|-----|---------|
      |17204  |64      |Idle    |4192 KB   |0    |0      |0     |0    |Normal  |9     |11     |N/A  |N/A      |

Platform
  Name                   : NPU Strix 
  Power Mode             : Default 
  Total Columns          : 8 

Power                    : N/A
2025-09-17 20:55:37 - INFO - ---------------------
2025-09-17 20:55:37 - INFO - 
Next update in 5 seconds...
2025-09-17 20:55:42 - INFO - --- Status Update @ 2025-09-17 20:55:42 ---
2025-09-17 20:55:42 - INFO - 
--- [REPORT: ALL] ---
2025-09-17 20:55:42 - DEBUG - Executing report: all
2025-09-17 20:55:43 - INFO - System Configuration
  OS Name              : Windows NT
  Release              : 26100
  Machine              : x86_64
  CPU Cores            : 24
  Memory               : 24184 MB
  Distribution         : Microsoft Windows 11 Pro
  Model                : EliteMini Series
  BIOS Vendor          : American Megatrends International, LLC.
  BIOS Version         : 1.08

XRT
  Version              : 2.19.0
  Branch               : HEAD
  Hash                 : 77c7088d804602a53c3eb489b9cb37b709bcd751
  Hash Date            : 2025-05-16 17:33:25
  NPU Driver Version   : 32.0.203.280
  NPU Firmware Version : 1.0.18.3

Device(s) Present
|BDF             |Name       |
|----------------|-----------|
|[0066:00:01.1]  |NPU Strix  |



---------------------------
[0066:00:01.1] : NPU Strix
---------------------------
AIE Partitions
  Partition Index: 0
    Columns: [0, 1, 2, 3, 4, 5, 6, 7]
    HW Contexts:
      |PID    |Ctx ID  |Status  |Instr BO  |Sub  |Compl  |Migr  |Err  |Prio    |GOPS  |EGOPS  |FPS  |Latency  |
      |-------|--------|--------|----------|-----|-------|------|-----|--------|------|-------|-----|---------|
      |17204  |64      |Idle    |4192 KB   |0    |0      |0     |0    |Normal  |9     |11     |N/A  |N/A      |

Platform
  Name                   : NPU Strix 
  Power Mode             : Default 
  Total Columns          : 8 

Power                    : N/A
2025-09-17 20:55:43 - INFO - ---------------------
2025-09-17 20:55:43 - INFO - 
Next update in 5 seconds...
2025-09-17 20:55:48 - INFO - --- Status Update @ 2025-09-17 20:55:48 ---
2025-09-17 20:55:48 - INFO - 
--- [REPORT: ALL] ---
2025-09-17 20:55:48 - DEBUG - Executing report: all
2025-09-17 20:55:48 - INFO - System Configuration
  OS Name              : Windows NT
  Release              : 26100
  Machine              : x86_64
  CPU Cores            : 24
  Memory               : 24184 MB
  Distribution         : Microsoft Windows 11 Pro
  Model                : EliteMini Series
  BIOS Vendor          : American Megatrends International, LLC.
  BIOS Version         : 1.08

XRT
  Version              : 2.19.0
  Branch               : HEAD
  Hash                 : 77c7088d804602a53c3eb489b9cb37b709bcd751
  Hash Date            : 2025-05-16 17:33:25
  NPU Driver Version   : 32.0.203.280
  NPU Firmware Version : 1.0.18.3

Device(s) Present
|BDF             |Name       |
|----------------|-----------|
|[0066:00:01.1]  |NPU Strix  |



---------------------------
[0066:00:01.1] : NPU Strix
---------------------------
AIE Partitions
  Partition Index: 0
    Columns: [0, 1, 2, 3, 4, 5, 6, 7]
    HW Contexts:
      |PID    |Ctx ID  |Status  |Instr BO  |Sub  |Compl  |Migr  |Err  |Prio    |GOPS  |EGOPS  |FPS  |Latency  |
      |-------|--------|--------|----------|-----|-------|------|-----|--------|------|-------|-----|---------|
      |17204  |64      |Idle    |4192 KB   |0    |0      |0     |0    |Normal  |9     |11     |N/A  |N/A      |

Platform
  Name                   : NPU Strix 
  Power Mode             : Default 
  Total Columns          : 8 

Power                    : N/A
2025-09-17 20:55:48 - INFO - ---------------------
2025-09-17 20:55:48 - INFO - 
Next update in 5 seconds...
2025-09-17 20:55:53 - INFO - --- Status Update @ 2025-09-17 20:55:53 ---
2025-09-17 20:55:53 - INFO - 
--- [REPORT: ALL] ---
2025-09-17 20:55:53 - DEBUG - Executing report: all
2025-09-17 20:55:53 - INFO - System Configuration
  OS Name              : Windows NT
  Release              : 26100
  Machine              : x86_64
  CPU Cores            : 24
  Memory               : 24184 MB
  Distribution         : Microsoft Windows 11 Pro
  Model                : EliteMini Series
  BIOS Vendor          : American Megatrends International, LLC.
  BIOS Version         : 1.08

XRT
  Version              : 2.19.0
  Branch               : HEAD
  Hash                 : 77c7088d804602a53c3eb489b9cb37b709bcd751
  Hash Date            : 2025-05-16 17:33:25
  NPU Driver Version   : 32.0.203.280
  NPU Firmware Version : 1.0.18.3

Device(s) Present
|BDF             |Name       |
|----------------|-----------|
|[0066:00:01.1]  |NPU Strix  |



---------------------------
[0066:00:01.1] : NPU Strix
---------------------------
AIE Partitions
  Partition Index: 0
    Columns: [0, 1, 2, 3, 4, 5, 6, 7]
    HW Contexts:
      |PID    |Ctx ID  |Status  |Instr BO  |Sub  |Compl  |Migr  |Err  |Prio    |GOPS  |EGOPS  |FPS  |Latency  |
      |-------|--------|--------|----------|-----|-------|------|-----|--------|------|-------|-----|---------|
      |17204  |64      |Idle    |4192 KB   |0    |0      |0     |0    |Normal  |9     |11     |N/A  |N/A      |

Platform
  Name                   : NPU Strix 
  Power Mode             : Default 
  Total Columns          : 8 

Power                    : N/A
2025-09-17 20:55:53 - INFO - ---------------------
2025-09-17 20:55:53 - INFO - 
Next update in 5 seconds...
2025-09-17 20:55:58 - INFO - --- Status Update @ 2025-09-17 20:55:58 ---
2025-09-17 20:55:58 - INFO - 
--- [REPORT: ALL] ---
2025-09-17 20:55:58 - DEBUG - Executing report: all
2025-09-17 20:55:58 - INFO - System Configuration
  OS Name              : Windows NT
  Release              : 26100
  Machine              : x86_64
  CPU Cores            : 24
  Memory               : 24184 MB
  Distribution         : Microsoft Windows 11 Pro
  Model                : EliteMini Series
  BIOS Vendor          : American Megatrends International, LLC.
  BIOS Version         : 1.08

XRT
  Version              : 2.19.0
  Branch               : HEAD
  Hash                 : 77c7088d804602a53c3eb489b9cb37b709bcd751
  Hash Date            : 2025-05-16 17:33:25
  NPU Driver Version   : 32.0.203.280
  NPU Firmware Version : 1.0.18.3

Device(s) Present
|BDF             |Name       |
|----------------|-----------|
|[0066:00:01.1]  |NPU Strix  |



---------------------------
[0066:00:01.1] : NPU Strix
---------------------------
AIE Partitions
  Partition Index: 0
    Columns: [0, 1, 2, 3, 4, 5, 6, 7]
    HW Contexts:
      |PID    |Ctx ID  |Status  |Instr BO  |Sub  |Compl  |Migr  |Err  |Prio    |GOPS  |EGOPS  |FPS  |Latency  |
      |-------|--------|--------|----------|-----|-------|------|-----|--------|------|-------|-----|---------|
      |17204  |64      |Idle    |4192 KB   |0    |0      |0     |0    |Normal  |9     |11     |N/A  |N/A      |

Platform
  Name                   : NPU Strix 
  Power Mode             : Default 
  Total Columns          : 8 

Power                    : N/A
2025-09-17 20:55:58 - INFO - ---------------------
2025-09-17 20:55:58 - INFO - 
Next update in 5 seconds...
2025-09-17 20:56:03 - INFO - --- Status Update @ 2025-09-17 20:56:03 ---
2025-09-17 20:56:03 - INFO - 
--- [REPORT: ALL] ---
2025-09-17 20:56:03 - DEBUG - Executing report: all
2025-09-17 20:56:03 - INFO - System Configuration
  OS Name              : Windows NT
  Release              : 26100
  Machine              : x86_64
  CPU Cores            : 24
  Memory               : 24184 MB
  Distribution         : Microsoft Windows 11 Pro
  Model                : EliteMini Series
  BIOS Vendor          : American Megatrends International, LLC.
  BIOS Version         : 1.08

XRT
  Version              : 2.19.0
  Branch               : HEAD
  Hash                 : 77c7088d804602a53c3eb489b9cb37b709bcd751
  Hash Date            : 2025-05-16 17:33:25
  NPU Driver Version   : 32.0.203.280
  NPU Firmware Version : 1.0.18.3

Device(s) Present
|BDF             |Name       |
|----------------|-----------|
|[0066:00:01.1]  |NPU Strix  |



---------------------------
[0066:00:01.1] : NPU Strix
---------------------------
AIE Partitions
  Partition Index: 0
    Columns: [0, 1, 2, 3, 4, 5, 6, 7]
    HW Contexts:
      |PID    |Ctx ID  |Status  |Instr BO  |Sub  |Compl  |Migr  |Err  |Prio    |GOPS  |EGOPS  |FPS  |Latency  |
      |-------|--------|--------|----------|-----|-------|------|-----|--------|------|-------|-----|---------|
      |17204  |64      |Idle    |4192 KB   |0    |0      |0     |0    |Normal  |9     |11     |N/A  |N/A      |

Platform
  Name                   : NPU Strix 
  Power Mode             : Default 
  Total Columns          : 8 

Power                    : N/A
2025-09-17 20:56:03 - INFO - ---------------------
2025-09-17 20:56:03 - INFO - 
Next update in 5 seconds...
2025-09-17 20:56:08 - INFO - --- Status Update @ 2025-09-17 20:56:08 ---
2025-09-17 20:56:08 - INFO - 
--- [REPORT: ALL] ---
2025-09-17 20:56:08 - DEBUG - Executing report: all
2025-09-17 20:56:09 - INFO - System Configuration
  OS Name              : Windows NT
  Release              : 26100
  Machine              : x86_64
  CPU Cores            : 24
  Memory               : 24184 MB
  Distribution         : Microsoft Windows 11 Pro
  Model                : EliteMini Series
  BIOS Vendor          : American Megatrends International, LLC.
  BIOS Version         : 1.08

XRT
  Version              : 2.19.0
  Branch               : HEAD
  Hash                 : 77c7088d804602a53c3eb489b9cb37b709bcd751
  Hash Date            : 2025-05-16 17:33:25
  NPU Driver Version   : 32.0.203.280
  NPU Firmware Version : 1.0.18.3

Device(s) Present
|BDF             |Name       |
|----------------|-----------|
|[0066:00:01.1]  |NPU Strix  |



---------------------------
[0066:00:01.1] : NPU Strix
---------------------------
AIE Partitions
  Partition Index: 0
    Columns: [0, 1, 2, 3, 4, 5, 6, 7]
    HW Contexts:
      |PID    |Ctx ID  |Status  |Instr BO  |Sub  |Compl  |Migr  |Err  |Prio    |GOPS  |EGOPS  |FPS  |Latency  |
      |-------|--------|--------|----------|-----|-------|------|-----|--------|------|-------|-----|---------|
      |17204  |64      |Active  |4192 KB   |269  |268    |0     |0    |Normal  |9     |11     |N/A  |N/A      |

Platform
  Name                   : NPU Strix 
  Power Mode             : Default 
  Total Columns          : 8 

Power                    : N/A
2025-09-17 20:56:09 - INFO - ---------------------
2025-09-17 20:56:09 - INFO - 
Next update in 5 seconds...
2025-09-17 20:56:14 - INFO - --- Status Update @ 2025-09-17 20:56:14 ---
2025-09-17 20:56:14 - INFO - 
--- [REPORT: ALL] ---
2025-09-17 20:56:14 - DEBUG - Executing report: all
2025-09-17 20:56:14 - INFO - System Configuration
  OS Name              : Windows NT
  Release              : 26100
  Machine              : x86_64
  CPU Cores            : 24
  Memory               : 24184 MB
  Distribution         : Microsoft Windows 11 Pro
  Model                : EliteMini Series
  BIOS Vendor          : American Megatrends International, LLC.
  BIOS Version         : 1.08

XRT
  Version              : 2.19.0
  Branch               : HEAD
  Hash                 : 77c7088d804602a53c3eb489b9cb37b709bcd751
  Hash Date            : 2025-05-16 17:33:25
  NPU Driver Version   : 32.0.203.280
  NPU Firmware Version : 1.0.18.3

Device(s) Present
|BDF             |Name       |
|----------------|-----------|
|[0066:00:01.1]  |NPU Strix  |



---------------------------
[0066:00:01.1] : NPU Strix
---------------------------
AIE Partitions
  Partition Index: 0
    Columns: [0, 1, 2, 3, 4, 5, 6, 7]
    HW Contexts:
      |PID    |Ctx ID  |Status  |Instr BO  |Sub  |Compl  |Migr  |Err  |Prio    |GOPS  |EGOPS  |FPS  |Latency  |
      |-------|--------|--------|----------|-----|-------|------|-----|--------|------|-------|-----|---------|
      |17204  |64      |Active  |4192 KB   |785  |785    |0     |0    |Normal  |9     |11     |N/A  |N/A      |

Platform
  Name                   : NPU Strix 
  Power Mode             : Default 
  Total Columns          : 8 

Power                    : N/A
2025-09-17 20:56:14 - INFO - ---------------------
2025-09-17 20:56:14 - INFO - 
Next update in 5 seconds...
2025-09-17 20:56:19 - INFO - --- Status Update @ 2025-09-17 20:56:19 ---
2025-09-17 20:56:19 - INFO - 
--- [REPORT: ALL] ---
2025-09-17 20:56:19 - DEBUG - Executing report: all
2025-09-17 20:56:19 - INFO - System Configuration
  OS Name              : Windows NT
  Release              : 26100
  Machine              : x86_64
  CPU Cores            : 24
  Memory               : 24184 MB
  Distribution         : Microsoft Windows 11 Pro
  Model                : EliteMini Series
  BIOS Vendor          : American Megatrends International, LLC.
  BIOS Version         : 1.08

XRT
  Version              : 2.19.0
  Branch               : HEAD
  Hash                 : 77c7088d804602a53c3eb489b9cb37b709bcd751
  Hash Date            : 2025-05-16 17:33:25
  NPU Driver Version   : 32.0.203.280
  NPU Firmware Version : 1.0.18.3

Device(s) Present
|BDF             |Name       |
|----------------|-----------|
|[0066:00:01.1]  |NPU Strix  |



---------------------------
[0066:00:01.1] : NPU Strix
---------------------------
AIE Partitions
  No hardware contexts running on device

Platform
  Name                   : NPU Strix 
  Power Mode             : Default 
  Total Columns          : 8 

Power                    : N/A
2025-09-17 20:56:19 - INFO - ---------------------
2025-09-17 20:56:19 - INFO - 
Next update in 5 seconds...
2025-09-17 20:56:24 - INFO - --- Status Update @ 2025-09-17 20:56:24 ---
2025-09-17 20:56:24 - INFO - 
--- [REPORT: ALL] ---
2025-09-17 20:56:24 - DEBUG - Executing report: all
2025-09-17 20:56:24 - INFO - System Configuration
  OS Name              : Windows NT
  Release              : 26100
  Machine              : x86_64
  CPU Cores            : 24
  Memory               : 24184 MB
  Distribution         : Microsoft Windows 11 Pro
  Model                : EliteMini Series
  BIOS Vendor          : American Megatrends International, LLC.
  BIOS Version         : 1.08

XRT
  Version              : 2.19.0
  Branch               : HEAD
  Hash                 : 77c7088d804602a53c3eb489b9cb37b709bcd751
  Hash Date            : 2025-05-16 17:33:25
  NPU Driver Version   : 32.0.203.280
  NPU Firmware Version : 1.0.18.3

Device(s) Present
|BDF             |Name       |
|----------------|-----------|
|[0066:00:01.1]  |NPU Strix  |



---------------------------
[0066:00:01.1] : NPU Strix
---------------------------
AIE Partitions
  No hardware contexts running on device

Platform
  Name                   : NPU Strix 
  Power Mode             : Default 
  Total Columns          : 8 

Power                    : N/A
2025-09-17 20:56:24 - INFO - ---------------------
2025-09-17 20:56:24 - INFO - 
Next update in 5 seconds...
2025-09-17 20:56:29 - INFO - --- Status Update @ 2025-09-17 20:56:29 ---
2025-09-17 20:56:29 - INFO - 
--- [REPORT: ALL] ---
2025-09-17 20:56:29 - DEBUG - Executing report: all
2025-09-17 20:56:29 - INFO - System Configuration
  OS Name              : Windows NT
  Release              : 26100
  Machine              : x86_64
  CPU Cores            : 24
  Memory               : 24184 MB
  Distribution         : Microsoft Windows 11 Pro
  Model                : EliteMini Series
  BIOS Vendor          : American Megatrends International, LLC.
  BIOS Version         : 1.08

XRT
  Version              : 2.19.0
  Branch               : HEAD
  Hash                 : 77c7088d804602a53c3eb489b9cb37b709bcd751
  Hash Date            : 2025-05-16 17:33:25
  NPU Driver Version   : 32.0.203.280
  NPU Firmware Version : 1.0.18.3

Device(s) Present
|BDF             |Name       |
|----------------|-----------|
|[0066:00:01.1]  |NPU Strix  |



---------------------------
[0066:00:01.1] : NPU Strix
---------------------------
AIE Partitions
  No hardware contexts running on device

Platform
  Name                   : NPU Strix 
  Power Mode             : Default 
  Total Columns          : 8 

Power                    : N/A
2025-09-17 20:56:29 - INFO - ---------------------
2025-09-17 20:56:29 - INFO - 
Next update in 5 seconds...
2025-09-17 20:56:34 - INFO - --- Status Update @ 2025-09-17 20:56:34 ---
2025-09-17 20:56:34 - INFO - 
--- [REPORT: ALL] ---
2025-09-17 20:56:34 - DEBUG - Executing report: all
2025-09-17 20:56:35 - INFO - System Configuration
  OS Name              : Windows NT
  Release              : 26100
  Machine              : x86_64
  CPU Cores            : 24
  Memory               : 24184 MB
  Distribution         : Microsoft Windows 11 Pro
  Model                : EliteMini Series
  BIOS Vendor          : American Megatrends International, LLC.
  BIOS Version         : 1.08

XRT
  Version              : 2.19.0
  Branch               : HEAD
  Hash                 : 77c7088d804602a53c3eb489b9cb37b709bcd751
  Hash Date            : 2025-05-16 17:33:25
  NPU Driver Version   : 32.0.203.280
  NPU Firmware Version : 1.0.18.3

Device(s) Present
|BDF             |Name       |
|----------------|-----------|
|[0066:00:01.1]  |NPU Strix  |



---------------------------
[0066:00:01.1] : NPU Strix
---------------------------
AIE Partitions
  No hardware contexts running on device

Platform
  Name                   : NPU Strix 
  Power Mode             : Default 
  Total Columns          : 8 

Power                    : N/A
2025-09-17 20:56:35 - INFO - ---------------------
2025-09-17 20:56:35 - INFO - 
Next update in 5 seconds...
2025-09-17 20:56:37 - INFO - 
Monitoring stopped by user.
